        ___
       __H__
 ___ ___["]_____ ___ ___  {1.10.4#stable}
|_ -| . [(]     | .'| . |
|___|_  ["]_|_|_|__,|  _|
      |_|V...       |_|   https://sqlmap.org

[!] legal disclaimer: Usage of sqlmap for attacking targets without prior mutual consent is illegal. It is the end user's responsibility to obey all applicable local, state and federal laws. Developers assume no liability and are not responsible for any misuse or damage caused by this program

[*] starting @ 22:57:58 /2026-06-30/

[22:57:58] [INFO] fetched random HTTP User-Agent header value 'Mozilla/5.0 (Macintosh; Intel Mac OS X 10_15_7) AppleWebKit/605.1.15 (KHTML, like Gecko) Version/17.4.1 Safari/605.1.15' from file '/usr/share/sqlmap/data/txt/user-agents.txt'
[22:57:58] [INFO] testing connection to the target URL
got a 302 redirect to 'http://172.17.0.2/login.php'. Do you want to follow? [Y/n] Y
[22:57:59] [INFO] testing if the target URL content is stable
you provided a HTTP Cookie header value, while target URL provides its own cookies within HTTP Set-Cookie header which intersect with yours. Do you want to merge them in further requests? [Y/n] Y
[22:57:59] [WARNING] heuristic (basic) test shows that GET parameter 'id' might not be injectable
[22:57:59] [INFO] testing for SQL injection on GET parameter 'id'
[22:57:59] [INFO] testing 'AND boolean-based blind - WHERE or HAVING clause'
[22:58:00] [INFO] testing 'AND boolean-based blind - WHERE or HAVING clause (subquery - comment)'
[22:58:00] [INFO] testing 'AND boolean-based blind - WHERE or HAVING clause (comment)'
[22:58:01] [INFO] testing 'MySQL RLIKE boolean-based blind - WHERE, HAVING, ORDER BY or GROUP BY clause'
[22:58:02] [INFO] testing 'PostgreSQL AND boolean-based blind - WHERE or HAVING clause (CAST)'
[22:58:03] [INFO] testing 'Oracle AND boolean-based blind - WHERE or HAVING clause (CTXSYS.DRITHSX.SN)'
[22:58:03] [INFO] testing 'SQLite AND boolean-based blind - WHERE, HAVING, GROUP BY or HAVING clause (JSON)'
[22:58:04] [INFO] testing 'Boolean-based blind - Parameter replace (original value)'
[22:58:04] [INFO] testing 'Boolean-based blind - Parameter replace (DUAL)'
[22:58:04] [INFO] testing 'Boolean-based blind - Parameter replace (CASE)'
[22:58:04] [INFO] testing 'MySQL >= 5.0 boolean-based blind - ORDER BY, GROUP BY clause'
[22:58:04] [INFO] testing 'PostgreSQL boolean-based blind - ORDER BY, GROUP BY clause'
[22:58:04] [INFO] testing 'MySQL >= 5.1 AND error-based - WHERE, HAVING, ORDER BY or GROUP BY clause (EXTRACTVALUE)'
[22:58:05] [INFO] testing 'MySQL >= 5.6 AND error-based - WHERE, HAVING, ORDER BY or GROUP BY clause (GTID_SUBSET)'
[22:58:05] [INFO] testing 'PostgreSQL AND error-based - WHERE or HAVING clause'
[22:58:05] [INFO] testing 'Microsoft SQL Server/Sybase AND error-based - WHERE or HAVING clause (IN)'
[22:58:05] [INFO] testing 'Microsoft SQL Server/Sybase AND error-based - WHERE or HAVING clause (CONVERT)'
[22:58:06] [INFO] testing 'Microsoft SQL Server/Sybase AND error-based - WHERE or HAVING clause (CONCAT)'
[22:58:06] [INFO] testing 'Oracle AND error-based - WHERE or HAVING clause (XMLType)'
[22:58:06] [INFO] testing 'Oracle AND error-based - WHERE or HAVING clause (UTL_INADDR.GET_HOST_ADDRESS)'
[22:58:06] [INFO] testing 'MySQL >= 5.1 error-based - PROCEDURE ANALYSE (EXTRACTVALUE)'
[22:58:07] [INFO] testing 'MySQL >= 5.1 error-based - Parameter replace (EXTRACTVALUE)'
[22:58:07] [INFO] testing 'PostgreSQL error-based - Parameter replace'
[22:58:07] [INFO] testing 'Microsoft SQL Server/Sybase error-based - Stacking (EXEC)'
[22:58:07] [INFO] testing 'Generic inline queries'
[22:58:07] [INFO] testing 'MySQL inline queries'
[22:58:07] [INFO] testing 'PostgreSQL inline queries'
[22:58:07] [INFO] testing 'Microsoft SQL Server/Sybase inline queries'
[22:58:07] [INFO] testing 'Oracle inline queries'
[22:58:07] [INFO] testing 'MySQL >= 5.0.12 stacked queries (comment)'
[22:58:07] [INFO] testing 'PostgreSQL > 8.1 stacked queries (comment)'
[22:58:07] [INFO] testing 'PostgreSQL stacked queries (heavy query - comment)'
[22:58:07] [INFO] testing 'Microsoft SQL Server/Sybase stacked queries (comment)'
[22:58:08] [INFO] testing 'Microsoft SQL Server/Sybase stacked queries (DECLARE - comment)'
[22:58:08] [INFO] testing 'Oracle stacked queries (DBMS_PIPE.RECEIVE_MESSAGE - comment)'
[22:58:08] [INFO] testing 'Oracle stacked queries (heavy query - comment)'
[22:58:08] [INFO] testing 'MySQL >= 5.0.12 AND time-based blind (query SLEEP)'
[22:58:08] [INFO] testing 'MySQL >= 5.0.12 AND time-based blind (SLEEP)'
[22:58:09] [INFO] testing 'MySQL < 5.0.12 AND time-based blind (BENCHMARK)'
[22:58:09] [INFO] testing 'MySQL >= 5.0.12 RLIKE time-based blind'
[22:58:09] [INFO] testing 'PostgreSQL > 8.1 AND time-based blind'
[22:58:10] [INFO] testing 'PostgreSQL AND time-based blind (heavy query)'
[22:58:10] [INFO] testing 'Microsoft SQL Server/Sybase time-based blind (IF)'
[22:58:10] [INFO] testing 'Microsoft SQL Server/Sybase AND time-based blind (heavy query)'
[22:58:11] [INFO] testing 'Oracle AND time-based blind'
[22:58:11] [WARNING] user aborted during detection phase
how do you want to proceed? [(S)kip current test/(e)nd detection phase/(n)ext parameter/(c)hange verbosity/(q)uit] 
[*] ending @ 22:58:15 /2026-06-30/

